// Jest Snapshot v1, https://goo.gl/fbAQLP

exports[`SettingsWidget snapshot snapshot: renders Settings widget page 1`] = `
<div
  className="settingsWidget ml-4"
>
  <div
    className="mb-3 settingsCardTopdiv"
  >
    <injectIntl(ShimmedIntlComponent)
      problemType="stringresponse"
    />
  </div>
  <div
    className="my-3"
  >
    <injectIntl(ShimmedIntlComponent) />
  </div>
  <div
    className="mt-3"
  >
    <injectIntl(ShimmedIntlComponent) />
  </div>
  <div>
    <Advanced
      open={true}
    >
      <Body
        className="collapsible-body small"
      >
        <Button
          className="my-3 px-0 text-info-500"
          size="inline"
          variant="link"
        >
          <FormattedMessage
            defaultMessage="Show advanced settings"
            description="Button text to show advanced settings"
            id="authoring.problemeditor.settings.showAdvancedButton"
          />
        </Button>
      </Body>
    </Advanced>
  </div>
  <Advanced
    open={false}
  >
    <Body
      className="collapsible-body"
    >
      <div
        className="my-3"
      >
        <injectIntl(ShimmedIntlComponent) />
      </div>
      <div
        className="my-3"
      >
        <injectIntl(ShimmedIntlComponent) />
      </div>
      <div
        className="my-3"
      >
        <injectIntl(ShimmedIntlComponent) />
      </div>
      <div
        className="my-3"
      >
        <injectIntl(ShimmedIntlComponent) />
      </div>
      <div
        className="my-3"
      >
        <injectIntl(ShimmedIntlComponent) />
      </div>
    </Body>
  </Advanced>
</div>
`;

exports[`SettingsWidget snapshot snapshot: renders Settings widget page advanced settings visible 1`] = `
<div
  className="settingsWidget ml-4"
>
  <div
    className="mb-3 settingsCardTopdiv"
  >
    <injectIntl(ShimmedIntlComponent)
      problemType="stringresponse"
    />
  </div>
  <div
    className="my-3"
  >
    <injectIntl(ShimmedIntlComponent) />
  </div>
  <div
    className="mt-3"
  >
    <injectIntl(ShimmedIntlComponent) />
  </div>
  <div>
    <Advanced
      open={false}
    >
      <Body
        className="collapsible-body small"
      >
        <Button
          className="my-3 px-0 text-info-500"
          size="inline"
          variant="link"
        >
          <FormattedMessage
            defaultMessage="Show advanced settings"
            description="Button text to show advanced settings"
            id="authoring.problemeditor.settings.showAdvancedButton"
          />
        </Button>
      </Body>
    </Advanced>
  </div>
  <Advanced
    open={true}
  >
    <Body
      className="collapsible-body"
    >
      <div
        className="my-3"
      >
        <injectIntl(ShimmedIntlComponent) />
      </div>
      <div
        className="my-3"
      >
        <injectIntl(ShimmedIntlComponent) />
      </div>
      <div
        className="my-3"
      >
        <injectIntl(ShimmedIntlComponent) />
      </div>
      <div
        className="my-3"
      >
        <injectIntl(ShimmedIntlComponent) />
      </div>
      <div
        className="my-3"
      >
        <injectIntl(ShimmedIntlComponent) />
      </div>
    </Body>
  </Advanced>
</div>
`;
