// Jest Snapshot v1, https://goo.gl/fbAQLP

exports[`EditorFooter render snapshot: default args (disableSave: false, saveFailed: false) 1`] = `
<div
  className="editor-footer fixed-bottom"
>
  <ModalDialog.Footer
    className="shadow-sm"
  >
    <ActionRow>
      <Button
        aria-label="Discard changes and return to learning context"
        onClick={[MockFunction args.onCancel]}
        variant="tertiary"
      >
        <FormattedMessage
          defaultMessage="Cancel"
          description="Label for cancel button"
          id="authoring.editorfooter.cancelButton.label"
        />
      </Button>
      <Button
        aria-label="Save changes and return to learning context"
        disabled={false}
        onClick={[MockFunction args.onSave]}
      >
        <FormattedMessage
          defaultMessage="Save"
          description="Label for Save button"
          id="authoring.editorfooter.savebutton.label"
        />
      </Button>
    </ActionRow>
  </ModalDialog.Footer>
</div>
`;

exports[`EditorFooter render snapshot: save disabled. Show button spinner 1`] = `
<div
  className="editor-footer fixed-bottom"
>
  <ModalDialog.Footer
    className="shadow-sm"
  >
    <ActionRow>
      <Button
        aria-label="Discard changes and return to learning context"
        onClick={[MockFunction args.onCancel]}
        variant="tertiary"
      >
        <FormattedMessage
          defaultMessage="Cancel"
          description="Label for cancel button"
          id="authoring.editorfooter.cancelButton.label"
        />
      </Button>
      <Button
        aria-label="Save changes and return to learning context"
        disabled={true}
        onClick={[MockFunction args.onSave]}
      >
        <Spinner
          animation="border"
          className="mr-3"
        />
      </Button>
    </ActionRow>
  </ModalDialog.Footer>
</div>
`;

exports[`EditorFooter render snapshot: save failed.  Show error message 1`] = `
<div
  className="editor-footer fixed-bottom"
>
  <Toast
    show={true}
  >
    <FormattedMessage
      defaultMessage="Error: Content save failed. Please check recent changes and try again later."
      description="Error message displayed when content fails to save."
      id="authoring.editorfooter.save.error"
    />
  </Toast>
  <ModalDialog.Footer
    className="shadow-sm"
  >
    <ActionRow>
      <Button
        aria-label="Discard changes and return to learning context"
        onClick={[MockFunction args.onCancel]}
        variant="tertiary"
      >
        <FormattedMessage
          defaultMessage="Cancel"
          description="Label for cancel button"
          id="authoring.editorfooter.cancelButton.label"
        />
      </Button>
      <Button
        aria-label="Save changes and return to learning context"
        disabled={false}
        onClick={[MockFunction args.onSave]}
      >
        <FormattedMessage
          defaultMessage="Save"
          description="Label for Save button"
          id="authoring.editorfooter.savebutton.label"
        />
      </Button>
    </ActionRow>
  </ModalDialog.Footer>
</div>
`;
