// Jest Snapshot v1, https://goo.gl/fbAQLP

exports[`SwitchToAdvancedEditorCard snapshot snapshot: SwitchToAdvancedEditorCard 1`] = `
<Card
  className="border border-light-700 shadow-none"
>
  <BaseModal
    close={[Function]}
    confirmAction={
      <Button
        className={null}
        onClick={[Function]}
        text={null}
        variant="default"
      >
        <FormattedMessage
          defaultMessage="Switch To Advanced Editor"
          description="message to confirm that a user wants to use the advanced editor"
          id="authoring.problemeditor.settings.switchtoadvancededitor.message"
        />
      </Button>
    }
    footerAction={null}
    isOpen={false}
    size="md"
    title={
      <FormattedMessage
        defaultMessage="Convert to OLX?"
        description="message to confirm that a user wants to use the advanced editor"
        id="authoring.problemeditor.settings.switchtoadvancededitor.message"
      />
    }
  >
    <FormattedMessage
      defaultMessage="If you use the advanced editor, this problem will be converted to OLX and you will not be able to return to the simple editor."
      description="message to confirm that a user wants to use the advanced editor"
      id="authoring.problemeditor.settings.switchtoadvancededitor.message"
    />
  </BaseModal>
  <Button
    className="my-3 ml-2 py-0"
    onClick={[Function]}
    size="sm"
    text={null}
    variant="link"
  >
    <FormattedMessage
      defaultMessage="Switch To Advanced Editor"
      description="button to switch to the advanced mode of the editor."
      id="authoring.problemeditor.settings.switchtoadvancededitor.label"
    />
  </Button>
</Card>
`;
