// Jest Snapshot v1, https://goo.gl/fbAQLP

exports[`TypeCard snapshot snapshot: renders type setting card 1`] = `
<SettingsOption
  className=""
  none={false}
  summary="Text input"
  title="Type"
>
  <TypeRow
    answers={Array []}
    correctAnswerCount={0}
    key="multiplechoiceresponse"
    label="Single select"
    lastRow={false}
    selected={true}
    typeKey="multiplechoiceresponse"
    updateAnswer={[MockFunction args.updateAnswer]}
    updateField={[MockFunction args.updateField]}
  />
  <TypeRow
    answers={Array []}
    correctAnswerCount={0}
    key="choiceresponse"
    label="Multi-select"
    lastRow={false}
    selected={true}
    typeKey="choiceresponse"
    updateAnswer={[MockFunction args.updateAnswer]}
    updateField={[MockFunction args.updateField]}
  />
  <TypeRow
    answers={Array []}
    correctAnswerCount={0}
    key="optionresponse"
    label="Dropdown"
    lastRow={false}
    selected={true}
    typeKey="optionresponse"
    updateAnswer={[MockFunction args.updateAnswer]}
    updateField={[MockFunction args.updateField]}
  />
  <TypeRow
    answers={Array []}
    correctAnswerCount={0}
    key="numericalresponse"
    label="Numerical input"
    lastRow={false}
    selected={true}
    typeKey="numericalresponse"
    updateAnswer={[MockFunction args.updateAnswer]}
    updateField={[MockFunction args.updateField]}
  />
  <TypeRow
    answers={Array []}
    correctAnswerCount={0}
    key="stringresponse"
    label="Text input"
    lastRow={true}
    selected={false}
    typeKey="stringresponse"
    updateAnswer={[MockFunction args.updateAnswer]}
    updateField={[MockFunction args.updateField]}
  />
</SettingsOption>
`;
