// Jest Snapshot v1, https://goo.gl/fbAQLP

exports[`QuestionWidget render snapshot: renders correct default 1`] = `
<div
  className="question-widget"
>
  <div
    className="h4 mb-3"
  >
    <FormattedMessage
      defaultMessage="Question"
      description="Question Title"
      id="authoring.questionwidget.question.questionWidgetTitle"
    />
  </div>
  <Editor
    problemEditorConfig={
      Object {
        "question": "This is my question",
        "setEditorRef": [MockFunction hooks.prepareEditorRef.setEditorRef],
        "updateQuestion": [MockFunction],
      }
    }
  />
</div>
`;
